=== Environment Type Tests ===

--- Test 1: Basic get/set ---
get(SN_TEST_VAR): hello_world
has(PATH): true
has(SN_NONEXISTENT_VAR_XYZ): false

--- Test 2: Get with default ---
get(SN_TEST_VAR, default): hello_world
get(SN_NONEXISTENT_XYZ, default): my_default

--- Test 3: Typed getters (valid) ---
getInt(SN_TEST_INT): 42
getLong(SN_TEST_LONG): 9876543210
getDouble(SN_TEST_DOUBLE): 3.14159
getBool(true): true
getBool(yes): true
getBool(1): true
getBool(false): false
getBool(no): false
getBool(0): false

--- Test 4: Typed getters with defaults ---
getInt(SN_TEST_INT, 999): 42
getInt(SN_NONEXISTENT_INT, 100): 100
getLong(SN_NONEXISTENT_LONG, 200): 200
getDouble(SN_NONEXISTENT_DOUBLE, 1.5): 1.5
getBool(SN_NONEXISTENT_BOOL, true): true

--- Test 5: List and names ---
names() has many variables: true
SN_TEST_VAR in names(): true
list() and names() same count: true
SN_TEST_VAR=hello_world in list(): true

--- Test 6: Remove ---
has(SN_TEMP_VAR) before remove: true
remove(SN_TEMP_VAR): true
has(SN_TEMP_VAR) after remove: false
remove(SN_NONEXISTENT_XYZ): false

--- Test 7: Empty string value ---
has(SN_EMPTY_VAR): true
get(SN_EMPTY_VAR) is empty: true
get(SN_EMPTY_VAR, default) is empty: true

PASS
