=== File Operations Boundary Tests ===
  array_bounds_after_split: PASS
  operations_on_file_content: PASS
  empty_file_handling: PASS
  single_line_file: PASS
  iteration_bounds: PASS
  substring_from_file: PASS
  indexOf_from_file: PASS
  nested_array_operations: PASS
  length_validation_chain: PASS

All file operations boundary tests passed!
